[31/Jul/2026 10:59:47] "GET /api/public/info/ HTTP/1.1" 200 517
[31/Jul/2026 10:59:47,881] - Broken pipe from ('127.0.0.1', 57764)
[31/Jul/2026 11:00:11] "GET /api/public/info/ HTTP/1.1" 200 517
[31/Jul/2026 11:00:11,321] - Broken pipe from ('127.0.0.1', 57765)
[31/Jul/2026 11:00:53] "GET /api/public/info/ HTTP/1.1" 200 517
[31/Jul/2026 11:00:53] "GET /api/public/info/ HTTP/1.1" 200 517
[31/Jul/2026 11:01:08] "POST /api/auth/token/ HTTP/1.1" 200 891
[31/Jul/2026 11:01:08] "GET /api/auth/me/ HTTP/1.1" 200 394
[31/Jul/2026 11:01:09] "GET /api/admin-profile/ HTTP/1.1" 200 204
[31/Jul/2026 11:01:09] "GET /api/admin-profile/ HTTP/1.1" 200 204
[31/Jul/2026 11:01:09] "GET /api/dashboard/stats/ HTTP/1.1" 200 2018
[31/Jul/2026 11:01:09] "GET /api/dashboard/stats/ HTTP/1.1" 200 2018
[31/Jul/2026 11:01:44] "GET /api/public/info/ HTTP/1.1" 200 517
[31/Jul/2026 11:01:44] "GET /api/public/info/ HTTP/1.1" 200 517
[31/Jul/2026 11:02:03] "POST /api/auth/token/ HTTP/1.1" 200 891
[31/Jul/2026 11:02:03] "GET /api/auth/me/ HTTP/1.1" 200 394
[31/Jul/2026 11:02:03] "GET /api/admin-profile/ HTTP/1.1" 200 204
[31/Jul/2026 11:02:03] "GET /api/admin-profile/ HTTP/1.1" 200 204
[31/Jul/2026 11:02:03] "GET /api/dashboard/stats/ HTTP/1.1" 200 2018
[31/Jul/2026 11:02:03] "GET /api/dashboard/stats/ HTTP/1.1" 200 2018
[31/Jul/2026 11:02:10] "GET /api/bookings/ HTTP/1.1" 200 298
[31/Jul/2026 11:02:10] "GET /api/bookings/ HTTP/1.1" 200 298
[31/Jul/2026 11:02:12] "GET /api/messages/ HTTP/1.1" 200 2
[31/Jul/2026 11:02:12] "GET /api/messages/ HTTP/1.1" 200 2
[31/Jul/2026 11:02:14] "GET /api/bookings/ HTTP/1.1" 200 298
[31/Jul/2026 11:02:14] "GET /api/bookings/ HTTP/1.1" 200 298
[31/Jul/2026 11:02:18] "GET /api/messages/ HTTP/1.1" 200 2
[31/Jul/2026 11:02:18] "GET /api/messages/ HTTP/1.1" 200 2
[31/Jul/2026 11:02:20] "GET /api/workshop/ HTTP/1.1" 200 1855
[31/Jul/2026 11:02:21] "GET /api/inventory/ HTTP/1.1" 200 221729
[31/Jul/2026 11:02:21] "GET /api/workshop/ HTTP/1.1" 200 1855
[31/Jul/2026 11:02:21] "GET /api/inventory/ HTTP/1.1" 200 221729
[31/Jul/2026 11:02:22] "GET /api/inventory/ HTTP/1.1" 200 221729
[31/Jul/2026 11:02:22] "GET /api/inventory/ HTTP/1.1" 200 221729
[31/Jul/2026 11:02:27] "GET /api/workshop/ HTTP/1.1" 200 1855
[31/Jul/2026 11:02:27] "GET /api/inventory/ HTTP/1.1" 200 221729
[31/Jul/2026 11:02:27] "GET /api/workshop/ HTTP/1.1" 200 1855
[31/Jul/2026 11:02:27] "GET /api/inventory/ HTTP/1.1" 200 221729
[31/Jul/2026 11:02:30] "GET /api/messages/ HTTP/1.1" 200 2
[31/Jul/2026 11:02:30] "GET /api/messages/ HTTP/1.1" 200 2
[31/Jul/2026 11:02:31] "GET /api/bookings/ HTTP/1.1" 200 298
[31/Jul/2026 11:02:31] "GET /api/bookings/ HTTP/1.1" 200 298
[31/Jul/2026 11:02:40] "GET /api/attendance/ HTTP/1.1" 200 2
[31/Jul/2026 11:02:40] "GET /api/salary-payments/ HTTP/1.1" 200 2
[31/Jul/2026 11:02:40] "GET /api/attendance/monthly_calendar/?month=7&year=2026 HTTP/1.1" 200 1126
[31/Jul/2026 11:02:40] "GET /api/attendance/monthly_summary/?month=7&year=2026 HTTP/1.1" 200 541
[31/Jul/2026 11:02:40] "GET /api/attendance/ HTTP/1.1" 200 2
[31/Jul/2026 11:02:40] "GET /api/salary-payments/ HTTP/1.1" 200 2
[31/Jul/2026 11:02:40] "GET /api/attendance/monthly_summary/?month=7&year=2026 HTTP/1.1" 200 541
[31/Jul/2026 11:02:40] "GET /api/attendance/monthly_calendar/?month=7&year=2026 HTTP/1.1" 200 1126
[31/Jul/2026 11:06:21] "GET /api/public/info/ HTTP/1.1" 200 517
[31/Jul/2026 11:06:21,425] - Broken pipe from ('127.0.0.1', 63106)
[31/Jul/2026 11:06:42] "GET /api/public/info/ HTTP/1.1" 200 517
[31/Jul/2026 11:06:42] "GET /api/auth/me/ HTTP/1.1" 200 394
[31/Jul/2026 11:06:42] "GET /api/public/info/ HTTP/1.1" 200 517
[31/Jul/2026 11:06:42] "GET /api/auth/me/ HTTP/1.1" 200 394
[31/Jul/2026 11:06:43] "GET /api/attendance/ HTTP/1.1" 200 2
[31/Jul/2026 11:06:43] "GET /api/attendance/monthly_calendar/?month=7&year=2026 HTTP/1.1" 200 1126
[31/Jul/2026 11:06:43] "GET /api/salary-payments/ HTTP/1.1" 200 2
[31/Jul/2026 11:06:43] "GET /api/attendance/monthly_summary/?month=7&year=2026 HTTP/1.1" 200 541
[31/Jul/2026 11:06:43] "GET /api/attendance/ HTTP/1.1" 200 2
[31/Jul/2026 11:06:43] "GET /api/admin-profile/ HTTP/1.1" 200 204
[31/Jul/2026 11:06:43] "GET /api/attendance/monthly_calendar/?month=7&year=2026 HTTP/1.1" 200 1126
[31/Jul/2026 11:06:43] "GET /api/salary-payments/ HTTP/1.1" 200 2
[31/Jul/2026 11:06:43] "GET /api/attendance/monthly_summary/?month=7&year=2026 HTTP/1.1" 200 541
[31/Jul/2026 11:06:43] "GET /api/admin-profile/ HTTP/1.1" 200 204
[31/Jul/2026 11:06:44] "GET /api/bookings/ HTTP/1.1" 200 298
[31/Jul/2026 11:06:44] "GET /api/bookings/ HTTP/1.1" 200 298
[31/Jul/2026 11:07:03] "GET /api/attendance/ HTTP/1.1" 200 2
[31/Jul/2026 11:07:03] "GET /api/attendance/monthly_summary/?month=7&year=2026 HTTP/1.1" 200 541
[31/Jul/2026 11:07:03] "GET /api/salary-payments/ HTTP/1.1" 200 2
[31/Jul/2026 11:07:03] "GET /api/attendance/monthly_calendar/?month=7&year=2026 HTTP/1.1" 200 1126
[31/Jul/2026 11:07:03] "GET /api/attendance/ HTTP/1.1" 200 2
[31/Jul/2026 11:07:03] "GET /api/salary-payments/ HTTP/1.1" 200 2
[31/Jul/2026 11:07:03] "GET /api/attendance/monthly_calendar/?month=7&year=2026 HTTP/1.1" 200 1126
[31/Jul/2026 11:07:03] "GET /api/attendance/monthly_summary/?month=7&year=2026 HTTP/1.1" 200 541
[31/Jul/2026 11:07:35] "GET /api/inventory/ HTTP/1.1" 200 221729
[31/Jul/2026 11:07:35] "GET /api/inventory/ HTTP/1.1" 200 221729
[31/Jul/2026 11:07:36] "GET /api/customers/ HTTP/1.1" 200 343
[31/Jul/2026 11:07:36] "GET /api/customers/ HTTP/1.1" 200 343
[31/Jul/2026 11:07:37] "GET /api/workshop/ HTTP/1.1" 200 1855
[31/Jul/2026 11:07:37] "GET /api/inventory/ HTTP/1.1" 200 221729
[31/Jul/2026 11:07:37] "GET /api/workshop/ HTTP/1.1" 200 1855
[31/Jul/2026 11:07:37] "GET /api/inventory/ HTTP/1.1" 200 221729
[31/Jul/2026 11:07:39] "GET /api/bookings/ HTTP/1.1" 200 298
[31/Jul/2026 11:07:39] "GET /api/bookings/ HTTP/1.1" 200 298
[31/Jul/2026 11:10:07] "GET /api/bookings/ HTTP/1.1" 200 298
[31/Jul/2026 11:11:10] "GET /api/public/info/ HTTP/1.1" 200 517
[31/Jul/2026 11:11:10] "GET /api/auth/me/ HTTP/1.1" 200 394
[31/Jul/2026 11:11:10] "GET /api/public/info/ HTTP/1.1" 200 517
[31/Jul/2026 11:11:10] "GET /api/auth/me/ HTTP/1.1" 200 394
[31/Jul/2026 11:11:10] "GET /api/bookings/ HTTP/1.1" 200 298
[31/Jul/2026 11:11:10] "GET /api/admin-profile/ HTTP/1.1" 200 204
[31/Jul/2026 11:11:10] "GET /api/bookings/ HTTP/1.1" 200 298
[31/Jul/2026 11:11:10] "GET /api/admin-profile/ HTTP/1.1" 200 204
[31/Jul/2026 11:11:32] "GET /api/dashboard/stats/ HTTP/1.1" 200 2018
[31/Jul/2026 11:11:32] "GET /api/dashboard/stats/ HTTP/1.1" 200 2018
[31/Jul/2026 11:11:38] "GET /api/bookings/ HTTP/1.1" 200 298
[31/Jul/2026 11:11:38] "GET /api/bookings/ HTTP/1.1" 200 298
[31/Jul/2026 11:11:39] "GET /api/messages/ HTTP/1.1" 200 2
[31/Jul/2026 11:11:39] "GET /api/messages/ HTTP/1.1" 200 2
[31/Jul/2026 11:11:44] "GET /api/workshop/ HTTP/1.1" 200 1855
[31/Jul/2026 11:11:44] "GET /api/inventory/ HTTP/1.1" 200 221729
[31/Jul/2026 11:11:44] "GET /api/workshop/ HTTP/1.1" 200 1855
[31/Jul/2026 11:11:44] "GET /api/inventory/ HTTP/1.1" 200 221729
[31/Jul/2026 11:12:01] "GET /api/inventory/ HTTP/1.1" 200 221729
[31/Jul/2026 11:12:01] "GET /api/inventory/ HTTP/1.1" 200 221729
[31/Jul/2026 11:12:02] "GET /api/customers/ HTTP/1.1" 200 343
[31/Jul/2026 11:12:02] "GET /api/customers/ HTTP/1.1" 200 343
[31/Jul/2026 11:12:12] "GET /api/billing/ HTTP/1.1" 200 2821
[31/Jul/2026 11:12:12] "GET /api/billing/ HTTP/1.1" 200 2821
[31/Jul/2026 11:12:15] "GET /api/khata-book/ HTTP/1.1" 200 41
[31/Jul/2026 11:12:15] "GET /api/khata-book/ HTTP/1.1" 200 41
[31/Jul/2026 11:12:16] "GET /api/billing/ HTTP/1.1" 200 2821
[31/Jul/2026 11:12:16] "GET /api/billing/ HTTP/1.1" 200 2821
[31/Jul/2026 11:12:16] "GET /api/khata-book/ HTTP/1.1" 200 41
[31/Jul/2026 11:12:16] "GET /api/khata-book/ HTTP/1.1" 200 41
[31/Jul/2026 11:12:18] "GET /api/reports/ HTTP/1.1" 200 330
[31/Jul/2026 11:12:18] "GET /api/reports/ HTTP/1.1" 200 330
[31/Jul/2026 11:12:20] "GET /api/workshop/ HTTP/1.1" 200 1855
[31/Jul/2026 11:12:21] "GET /api/inventory/ HTTP/1.1" 200 221729
[31/Jul/2026 11:12:21] "GET /api/workshop/ HTTP/1.1" 200 1855
[31/Jul/2026 11:12:21] "GET /api/inventory/ HTTP/1.1" 200 221729
[31/Jul/2026 11:16:40] "GET /api/public/info/ HTTP/1.1" 200 517
[31/Jul/2026 11:16:40] "GET /api/auth/me/ HTTP/1.1" 200 394
[31/Jul/2026 11:16:40] "GET /api/public/info/ HTTP/1.1" 200 517
[31/Jul/2026 11:16:40] "GET /api/auth/me/ HTTP/1.1" 200 394
[31/Jul/2026 11:16:40] "GET /api/admin-profile/ HTTP/1.1" 200 204
[31/Jul/2026 11:16:40] "GET /api/workshop/ HTTP/1.1" 200 1855
[31/Jul/2026 11:16:40] "GET /api/admin-profile/ HTTP/1.1" 200 204
[31/Jul/2026 11:16:40] "GET /api/inventory/ HTTP/1.1" 200 221729
[31/Jul/2026 11:16:40] "GET /api/workshop/ HTTP/1.1" 200 1855
[31/Jul/2026 11:16:41] "GET /api/inventory/ HTTP/1.1" 200 221729
[31/Jul/2026 11:17:13] "GET /api/inventory/ HTTP/1.1" 200 221729
[31/Jul/2026 11:17:14] "GET /api/inventory/ HTTP/1.1" 200 221729
[31/Jul/2026 11:17:15] "GET /api/customers/ HTTP/1.1" 200 343
[31/Jul/2026 11:17:15] "GET /api/customers/ HTTP/1.1" 200 343
[31/Jul/2026 11:17:43] "GET /api/vehicle-history/?vehicle_number=GJ15BC6732&mobile_number=6352486040 HTTP/1.1" 200 3100
[31/Jul/2026 11:18:24] "GET /api/billing/ HTTP/1.1" 200 2821
[31/Jul/2026 11:18:24] "GET /api/billing/ HTTP/1.1" 200 2821
[31/Jul/2026 11:21:22] "GET /api/public/info/ HTTP/1.1" 200 517
[31/Jul/2026 11:21:22] "GET /api/auth/me/ HTTP/1.1" 200 394
[31/Jul/2026 11:21:22] "GET /api/public/info/ HTTP/1.1" 200 517
[31/Jul/2026 11:21:22] "GET /api/auth/me/ HTTP/1.1" 200 394
[31/Jul/2026 11:21:22] "GET /api/admin-profile/ HTTP/1.1" 200 204
[31/Jul/2026 11:21:22] "GET /api/admin-profile/ HTTP/1.1" 200 204
[31/Jul/2026 11:21:22] "GET /api/billing/ HTTP/1.1" 200 2821
[31/Jul/2026 11:21:22] "GET /api/billing/ HTTP/1.1" 200 2821
[31/Jul/2026 11:21:58] "GET /api/khata-book/ HTTP/1.1" 200 41
[31/Jul/2026 11:21:58] "GET /api/khata-book/ HTTP/1.1" 200 41
[31/Jul/2026 11:21:59] "GET /api/attendance/ HTTP/1.1" 200 2
[31/Jul/2026 11:21:59] "GET /api/attendance/monthly_calendar/?month=7&year=2026 HTTP/1.1" 200 1126
[31/Jul/2026 11:21:59] "GET /api/salary-payments/ HTTP/1.1" 200 2
[31/Jul/2026 11:21:59] "GET /api/attendance/monthly_summary/?month=7&year=2026 HTTP/1.1" 200 541
[31/Jul/2026 11:21:59] "GET /api/attendance/ HTTP/1.1" 200 2
[31/Jul/2026 11:21:59] "GET /api/salary-payments/ HTTP/1.1" 200 2
[31/Jul/2026 11:21:59] "GET /api/attendance/monthly_calendar/?month=7&year=2026 HTTP/1.1" 200 1126
[31/Jul/2026 11:21:59] "GET /api/attendance/monthly_summary/?month=7&year=2026 HTTP/1.1" 200 541
[31/Jul/2026 11:22:01] "GET /api/dashboard/stats/ HTTP/1.1" 200 2018
[31/Jul/2026 11:22:01] "GET /api/dashboard/stats/ HTTP/1.1" 200 2018
[31/Jul/2026 11:22:04] "GET /api/bookings/ HTTP/1.1" 200 298
[31/Jul/2026 11:22:04] "GET /api/bookings/ HTTP/1.1" 200 298
[31/Jul/2026 11:22:09] "GET /api/messages/ HTTP/1.1" 200 2
[31/Jul/2026 11:22:09] "GET /api/messages/ HTTP/1.1" 200 2
[31/Jul/2026 11:22:10] "GET /api/bookings/ HTTP/1.1" 200 298
[31/Jul/2026 11:22:10] "GET /api/bookings/ HTTP/1.1" 200 298
[31/Jul/2026 11:23:36] "GET /api/public/info/ HTTP/1.1" 200 517
[31/Jul/2026 11:23:36] "GET /api/auth/me/ HTTP/1.1" 200 394
[31/Jul/2026 11:23:36] "GET /api/public/info/ HTTP/1.1" 200 517
[31/Jul/2026 11:23:36] "GET /api/auth/me/ HTTP/1.1" 200 394
[31/Jul/2026 11:24:34] "POST /api/public/bookings/ HTTP/1.1" 201 345
[31/Jul/2026 11:24:39] "GET /api/public/info/ HTTP/1.1" 200 517
[31/Jul/2026 11:24:39] "GET /api/auth/me/ HTTP/1.1" 200 394
[31/Jul/2026 11:24:39] "GET /api/public/info/ HTTP/1.1" 200 517
[31/Jul/2026 11:24:39] "GET /api/auth/me/ HTTP/1.1" 200 394
[31/Jul/2026 11:24:39] "GET /api/bookings/ HTTP/1.1" 200 588
[31/Jul/2026 11:24:39] "GET /api/admin-profile/ HTTP/1.1" 200 204
[31/Jul/2026 11:24:39] "GET /api/bookings/ HTTP/1.1" 200 588
[31/Jul/2026 11:24:39] "GET /api/admin-profile/ HTTP/1.1" 200 204
[31/Jul/2026 11:28:37] "GET /api/bookings/ HTTP/1.1" 200 588
[31/Jul/2026 11:31:11] "GET /api/public/info/ HTTP/1.1" 200 517
[31/Jul/2026 11:31:11] "GET /api/auth/me/ HTTP/1.1" 200 394
[31/Jul/2026 11:31:11] "GET /api/auth/me/ HTTP/1.1" 200 394
[31/Jul/2026 11:31:11] "GET /api/public/info/ HTTP/1.1" 200 517
[31/Jul/2026 11:31:11] "GET /api/bookings/ HTTP/1.1" 200 588
[31/Jul/2026 11:31:11] "GET /api/admin-profile/ HTTP/1.1" 200 204
[31/Jul/2026 11:31:11] "GET /api/admin-profile/ HTTP/1.1" 200 204
[31/Jul/2026 11:31:11] "GET /api/bookings/ HTTP/1.1" 200 588
[31/Jul/2026 11:31:25] "POST /api/bookings/7/accept/ HTTP/1.1" 200 330
[31/Jul/2026 11:31:25] "GET /api/bookings/ HTTP/1.1" 200 589
[31/Jul/2026 11:31:35] "GET /api/messages/ HTTP/1.1" 200 2
[31/Jul/2026 11:31:35] "GET /api/messages/ HTTP/1.1" 200 2
[31/Jul/2026 11:31:37] "GET /api/workshop/ HTTP/1.1" 200 1855
[31/Jul/2026 11:31:37] "GET /api/inventory/ HTTP/1.1" 200 221729
[31/Jul/2026 11:31:37] "GET /api/workshop/ HTTP/1.1" 200 1855
[31/Jul/2026 11:31:37] "GET /api/inventory/ HTTP/1.1" 200 221729
[31/Jul/2026 11:31:43] "GET /api/bookings/ HTTP/1.1" 200 589
[31/Jul/2026 11:31:43] "GET /api/bookings/ HTTP/1.1" 200 589
[31/Jul/2026 11:31:56] "POST /api/bookings/7/convert_to_service/ HTTP/1.1" 200 414
[31/Jul/2026 11:31:58] "GET /api/workshop/ HTTP/1.1" 200 2211
[31/Jul/2026 11:31:59] "GET /api/inventory/ HTTP/1.1" 200 221729
[31/Jul/2026 11:31:59] "GET /api/workshop/ HTTP/1.1" 200 2211
[31/Jul/2026 11:31:59] "GET /api/inventory/ HTTP/1.1" 200 221729
[31/Jul/2026 11:32:18] "POST /api/workshop/9/assign_mechanic/ HTTP/1.1" 200 408
[31/Jul/2026 11:32:18] "GET /api/workshop/ HTTP/1.1" 200 2211
[31/Jul/2026 11:32:18] "GET /api/inventory/ HTTP/1.1" 200 221729
[31/Jul/2026 11:32:26] "POST /api/workshop/9/assign_mechanic/ HTTP/1.1" 200 411
[31/Jul/2026 11:32:27] "GET /api/workshop/ HTTP/1.1" 200 2214
[31/Jul/2026 11:32:27] "GET /api/inventory/ HTTP/1.1" 200 221729
[31/Jul/2026 11:32:47] "POST /api/workshop/9/add_staged_part/ HTTP/1.1" 200 659
[31/Jul/2026 11:32:47] "GET /api/workshop/ HTTP/1.1" 200 2397
[31/Jul/2026 11:32:47] "GET /api/inventory/ HTTP/1.1" 200 221729
[31/Jul/2026 11:32:50] "POST /api/workshop/9/confirm_parts/ HTTP/1.1" 200 621
[31/Jul/2026 11:32:52] "GET /api/workshop/ HTTP/1.1" 200 2399
[31/Jul/2026 11:32:52] "GET /api/inventory/ HTTP/1.1" 200 221728
